Log entry at 14:27:08.618
Log entry at 14:27:09.123
Log entry at 14:27:09.625
Log entry at 14:27:10.127
Log entry at 14:27:10.630
Log entry at 14:27:11.133
Log entry at 14:27:11.635
Log entry at 14:27:12.144
Log entry at 14:27:12.649
Log entry at 14:27:13.151
Log entry at 14:27:13.653
Log entry at 14:27:14.156
Log entry at 14:27:14.660
Log entry at 14:27:15.163
Log entry at 14:27:15.666
Log entry at 14:27:16.168
Log entry at 14:27:16.669
Log entry at 14:27:17.173
Log entry at 14:27:17.675
Log entry at 14:27:18.184
Log entry at 14:27:18.686
Log entry at 14:27:19.188
Log entry at 14:27:19.690
Log entry at 14:27:20.192
Log entry at 14:27:20.696
Log entry at 14:27:21.201
Log entry at 14:27:21.704
Log entry at 14:27:22.207
Log entry at 14:27:22.710
Log entry at 14:27:23.212
Log entry at 14:27:23.715
Log entry at 14:31:34.273
Log entry at 14:31:34.775
Log entry at 14:31:35.277
Log entry at 14:31:35.779
Log entry at 14:31:36.283
Log entry at 14:31:36.785
Log entry at 14:31:37.286
Log entry at 14:31:37.788
Log entry at 14:31:38.291
Log entry at 14:31:38.794
Log entry at 14:31:39.297
Log entry at 14:31:39.800
Log entry at 14:31:40.302
Log entry at 14:31:40.804
Log entry at 14:31:41.306
Log entry at 14:31:41.808
Log entry at 14:31:42.310
Log entry at 14:31:42.813
Log entry at 14:31:43.317
Log entry at 14:31:43.820
Log entry at 14:31:44.323
Log entry at 14:31:44.827
Log entry at 14:31:45.330
Log entry at 14:31:45.833
Log entry at 14:31:46.336
Log entry at 15:00:09.732 0
Log entry at 15:00:10.235 1
Log entry at 15:00:10.740 2
Log entry at 15:00:11.242 3
Log entry at 15:00:11.743 4
Log entry at 15:00:12.245 5
Log entry at 15:00:14.305 6
Log entry at 15:00:14.808 7
Log entry at 15:00:15.312 8
Log entry at 15:00:15.819 9
Log entry at 15:00:16.322 10
Log entry at 15:00:16.824 11
Log entry at 15:00:17.329 12
Log entry at 15:00:17.832 13
Log entry at 15:00:18.338 14
Log entry at 15:00:18.841 15
Log entry at 15:00:19.345 16
Log entry at 15:00:19.847 17
Log entry at 15:00:20.349 18
Log entry at 15:00:20.852 19
Log entry at 15:00:21.356 20
Log entry at 15:00:21.861 21
Log entry at 15:00:22.372 22
Log entry at 15:00:22.880 23
Log entry at 15:00:23.394 24
Log entry at 15:00:23.895 25
Log entry at 15:00:24.399 26
Log entry at 15:00:24.903 27
Log entry at 15:00:25.408 28
Log entry at 15:00:25.910 29
Log entry at 15:00:26.412 30
Log entry at 15:00:26.915 31
Log entry at 15:00:27.419 32
Log entry at 15:00:27.920 33
Log entry at 15:00:28.422 34
Log entry at 15:00:28.926 35
Log entry at 15:00:29.430 36
Log entry at 15:00:29.932 37
Log entry at 15:00:30.442 38
Log entry at 15:00:30.953 39
Log entry at 15:00:31.456 40
Log entry at 15:00:31.961 41
Log entry at 15:00:32.464 42
Log entry at 15:00:32.967 43
Log entry at 15:00:33.469 44
Log entry at 15:00:33.971 45
Log entry at 15:00:34.475 46
Log entry at 15:00:34.977 47
Log entry at 15:00:35.480 48
Log entry at 15:00:35.982 49
Log entry at 15:00:36.484 50
Log entry at 15:00:36.986 51
Log entry at 15:00:37.488 52
Log entry at 15:00:37.992 53
Log entry at 15:00:38.494 54
Log entry at 15:00:38.997 55
Log entry at 15:00:39.499 56
Log entry at 15:00:40.000 57
Log entry at 15:00:40.503 58
Log entry at 15:00:41.006 59
Log entry at 15:00:41.509 60
Log entry at 15:00:42.012 61
Log entry at 15:00:42.515 62
Log entry at 15:00:43.017 63
Log entry at 15:00:43.519 64
Log entry at 15:00:44.021 65
Log entry at 15:00:44.526 66
Log entry at 15:00:45.029 67
Log entry at 15:00:45.531 68
Log entry at 15:00:46.033 69
Log entry at 15:00:46.536 70
Log entry at 15:00:47.040 71
Log entry at 15:00:47.543 72
Log entry at 15:00:48.047 73
Log entry at 15:00:48.553 74
Log entry at 15:00:49.055 75
Log entry at 15:00:49.556 76
Log entry at 15:00:50.060 77
Log entry at 15:00:50.562 78
Log entry at 15:00:51.064 79
Log entry at 15:00:51.569 80
Log entry at 15:00:52.072 81
Log entry at 15:00:52.577 82
Log entry at 15:00:53.078 83
Log entry at 15:00:53.581 84
Log entry at 15:00:54.085 85
Log entry at 15:00:54.588 86
Log entry at 15:00:55.093 87
Log entry at 15:00:55.596 88
Log entry at 15:00:56.099 89
Log entry at 15:00:56.601 90
Log entry at 15:00:57.106 91
Log entry at 15:00:57.610 92
Log entry at 15:00:58.113 93
Log entry at 15:00:58.615 94
Log entry at 15:00:59.119 95
Log entry at 15:00:59.621 96
Log entry at 15:01:06.700 %!d(MISSING)
Log entry at 15:01:07.202 %!d(MISSING)
Log entry at 15:01:07.704 %!d(MISSING)
Log entry at 15:01:08.206 %!d(MISSING)
Log entry at 15:01:08.708 %!d(MISSING)
Log entry at 15:01:09.211 %!d(MISSING)
Log entry at 15:01:09.717 %!d(MISSING)
Log entry at 15:01:10.221 %!d(MISSING)
Log entry at 15:01:10.723 %!d(MISSING)
Log entry at 15:01:11.225 %!d(MISSING)
Log entry at 15:01:11.726 %!d(MISSING)
Log entry at 15:01:12.229 %!d(MISSING)
Log entry at 15:01:12.733 %!d(MISSING)
Log entry at 15:01:13.237 %!d(MISSING)
Log entry at 15:01:13.740 %!d(MISSING)
Log entry at 15:01:14.247 %!d(MISSING)
Log entry at 15:01:14.749 %!d(MISSING)
Log entry at 15:01:15.254 %!d(MISSING)
Log entry at 15:01:15.764 %!d(MISSING)
Log entry at 15:01:17.649 
Log entry at 15:01:18.152 
Log entry at 15:01:18.656 
Log entry at 15:01:19.160 
Log entry at 15:01:19.665 
Log entry at 15:01:20.168 
Log entry at 15:01:20.671 
Log entry at 15:01:21.173 
Log entry at 15:01:21.677 
Log entry at 15:01:22.180 
Log entry at 15:01:22.690 
Log entry at 15:01:23.192 
Log entry at 15:01:23.694 
Log entry at 15:01:24.197 
Log entry at 15:01:24.700 
Log entry at 15:01:25.202 
Log entry at 15:01:25.704 
Log entry at 15:01:26.206 
Log entry at 15:01:26.708 
Log entry at 15:01:27.211 
Log entry at 15:01:27.713 
Log entry at 15:01:28.215 
Log entry at 15:01:28.717 
Log entry at 15:01:29.219 
Log entry at 15:01:29.721 
Log entry at 15:01:30.224 
Log entry at 15:01:30.727 
Log entry at 15:01:31.229 
Log entry at 15:01:31.731 
Log entry at 15:01:32.233 
Log entry at 15:01:32.736 
Log entry at 15:01:33.238 
Log entry at 15:01:33.741 
Log entry at 15:01:34.244 
Log entry at 15:03:11.965 
Log entry at 15:03:12.468 
Log entry at 15:03:12.970 
Log entry at 15:03:13.476 
Log entry at 15:03:13.980 
Log entry at 15:03:14.483 
Log entry at 15:03:14.987 
Log entry at 15:03:15.501 
Log entry at 15:03:16.020 
Log entry at 15:03:16.534 
Log entry at 15:03:17.039 
Log entry at 15:03:19.094 
Log entry at 15:03:19.597 
Log entry at 15:03:20.100 
Log entry at 15:03:20.604 
Log entry at 15:03:21.109 
Log entry at 15:03:21.611 
Log entry at 15:03:22.114 
Log entry at 15:03:22.628 
Log entry at 15:03:23.131 
Log entry at 15:03:23.632 
Log entry at 15:03:24.134 
Log entry at 15:03:24.637 
Log entry at 15:03:25.142 
Log entry at 15:03:25.646 
Log entry at 15:03:26.148 
Log entry at 15:03:26.650 
Log entry at 15:03:27.153 
Log entry at 15:03:27.654 
Log entry at 15:03:28.156 
Log entry at 15:03:28.658 
Log entry at 15:03:29.160 
Log entry at 2024-12-17 15:05:17.952473946 +0530 IST m=+0.001682294 
Log entry at 2024-12-17 15:05:18.454161374 +0530 IST m=+0.503369724 
Log entry at 2024-12-17 15:05:18.955973697 +0530 IST m=+1.005182048 
Log entry at 2024-12-17 15:05:19.457612354 +0530 IST m=+1.506820703 
Log entry at 2024-12-17 15:05:19.959219754 +0530 IST m=+2.008428104 
Log entry at 2024-12-17 15:05:20.463689001 +0530 IST m=+2.512897349 
Log entry at 2024-12-17 15:05:20.96678924 +0530 IST m=+3.015997589 
Log entry at 2024-12-17 15:05:21.468886254 +0530 IST m=+3.518094603 
Log entry at 2024-12-17 15:05:21.973486005 +0530 IST m=+4.022694355 
Log entry at 2024-12-17 15:05:22.475205353 +0530 IST m=+4.524413703 
Log entry at 2024-12-17 15:05:22.978779913 +0530 IST m=+5.027988264 
Log entry at 2024-12-17 15:05:23.483026585 +0530 IST m=+5.532234939 
Log entry at 2024-12-17 15:05:23.985972093 +0530 IST m=+6.035180443 
Log entry at 2024-12-17 15:05:24.487716404 +0530 IST m=+6.536924752 
Log entry at 2024-12-17 15:05:24.989018232 +0530 IST m=+7.038226581 
Log entry at 2024-12-17 15:05:25.492239265 +0530 IST m=+7.541447613 
Log entry at 2024-12-17 15:05:25.993723759 +0530 IST m=+8.042932109 
Log entry at 2024-12-17 15:05:26.495224875 +0530 IST m=+8.544433224 
Log entry at 2024-12-17 15:05:26.996639113 +0530 IST m=+9.045847463 
Log entry at 2024-12-17 15:05:27.499473737 +0530 IST m=+9.548682086 
Log entry at 2024-12-17 15:05:28.002559368 +0530 IST m=+10.051767735 
Log entry at 2024-12-17 15:05:28.507066277 +0530 IST m=+10.556274626 
Log entry at 2024-12-17 15:05:29.010496411 +0530 IST m=+11.059704761 
Log entry at 2024-12-17 15:05:29.512474564 +0530 IST m=+11.561682913 
Log entry at 2024-12-17 15:05:30.016378118 +0530 IST m=+12.065586468 
Log entry at 2024-12-17 15:05:30.518222717 +0530 IST m=+12.567431065 
Log entry at 2024-12-17 15:05:31.021394618 +0530 IST m=+13.070602967 
Log entry at 2024-12-17 15:05:31.523369588 +0530 IST m=+13.572577939 
Log entry at 2024-12-17 15:05:32.026136129 +0530 IST m=+14.075344479 
Log entry at 2024-12-17 15:05:32.527638899 +0530 IST m=+14.576847250 
Log entry at 2024-12-17 15:05:33.030086701 +0530 IST m=+15.079295050 
Log entry at 2024-12-17 15:05:33.531782783 +0530 IST m=+15.580991134 
Log entry at 2024-12-17 15:05:34.033516627 +0530 IST m=+16.082724977 
Log entry at 2024-12-17 15:05:34.538297252 +0530 IST m=+16.587505601 
Log entry at 2024-12-17 15:05:35.040225898 +0530 IST m=+17.089434249 
Log entry at 2024-12-17 15:05:35.543430492 +0530 IST m=+17.592638844 
Log entry at 2024-12-17 15:05:36.046133263 +0530 IST m=+18.095341613 
Log entry at 2024-12-17 15:05:36.549312815 +0530 IST m=+18.598521164 
Log entry at 2024-12-17 15:05:37.051202675 +0530 IST m=+19.100411024 
Log entry at 2024-12-17 15:05:37.554074059 +0530 IST m=+19.603282409 
Log entry at 2024-12-17 15:05:38.056900584 +0530 IST m=+20.106108934 
Log entry at 2024-12-17 15:05:38.55906033 +0530 IST m=+20.608268680 
Log entry at 2024-12-17 15:05:39.061199696 +0530 IST m=+21.110408046 
Log entry at 2024-12-17 15:05:39.578384022 +0530 IST m=+21.627592374 
Log entry at 2024-12-17 15:05:40.089042677 +0530 IST m=+22.138251028 
Log entry at 2024-12-17 15:05:40.5944873 +0530 IST m=+22.643695652 
Log entry at 2024-12-17 15:05:41.106975458 +0530 IST m=+23.156183812 
Log entry at 2024-12-17 15:05:41.622510076 +0530 IST m=+23.671718429 
Log entry at 2024-12-17 15:05:42.136064912 +0530 IST m=+24.185273262 
Log entry at 2024-12-17 15:05:42.652006073 +0530 IST m=+24.701214426 
Log entry at 2024-12-17 15:05:43.179406219 +0530 IST m=+25.228614570 
Log entry at 2024-12-17 15:05:43.682576452 +0530 IST m=+25.731784806 
Log entry at 2024-12-17 15:05:44.192494133 +0530 IST m=+26.241702484 
Log entry at 2024-12-17 15:05:44.714116704 +0530 IST m=+26.763325055 
Log entry at 2024-12-17 15:05:45.215560804 +0530 IST m=+27.264769156 
Log entry at 2024-12-17 15:05:45.758800402 +0530 IST m=+27.808008754 
Log entry at 2024-12-17 15:05:46.262721399 +0530 IST m=+28.311929750 
Log entry at 2024-12-17 15:05:46.775850211 +0530 IST m=+28.825058563 
Log entry at 2024-12-17 15:05:47.277392074 +0530 IST m=+29.326600426 
Log entry at 2024-12-17 15:05:47.780215468 +0530 IST m=+29.829423819 
Log entry at 2024-12-17 15:05:48.284175591 +0530 IST m=+30.333383942 
Log entry at 2024-12-17 15:05:48.794564755 +0530 IST m=+30.843773107 
Log entry at 2024-12-17 15:05:49.297781395 +0530 IST m=+31.346989747 
Log entry at 2024-12-17 15:05:49.814978281 +0530 IST m=+31.864186633 
Log entry at 2024-12-17 15:05:50.319013968 +0530 IST m=+32.368222320 
Log entry at 2024-12-17 15:05:50.837436757 +0530 IST m=+32.886645109 
Log entry at 2024-12-17 15:05:51.366965788 +0530 IST m=+33.416174140 
Log entry at 2024-12-17 15:05:51.894610094 +0530 IST m=+33.943818448 
Log entry at 2024-12-17 15:05:52.415375903 +0530 IST m=+34.464584254 
Log entry at 2024-12-17 15:05:52.938650506 +0530 IST m=+34.987858858 
Log entry at 2024-12-17 15:05:53.440611739 +0530 IST m=+35.489820092 
Log entry at 2024-12-17 15:05:53.96507376 +0530 IST m=+36.014282112 
Log entry at 2024-12-17 15:05:54.479690287 +0530 IST m=+36.528898639 
Log entry at 2024-12-17 15:05:54.994607959 +0530 IST m=+37.043816311 
Log entry at 2024-12-17 15:05:55.510441478 +0530 IST m=+37.559649828 
Log entry at 2024-12-17 15:05:56.03012974 +0530 IST m=+38.079338105 
Log entry at 2024-12-17 15:05:56.554106649 +0530 IST m=+38.603314999 
Log entry at 2024-12-17 15:05:57.057534082 +0530 IST m=+39.106742438 
Log entry at 2024-12-17 15:05:57.576060627 +0530 IST m=+39.625268979 
Log entry at 2024-12-17 15:05:58.08122465 +0530 IST m=+40.130433002 
Log entry at 2024-12-17 15:05:58.595261196 +0530 IST m=+40.644469546 
Log entry at 2024-12-17 15:05:59.098741918 +0530 IST m=+41.147950270 
Log entry at 2024-12-17 15:05:59.62147696 +0530 IST m=+41.670685315 
Log entry at 2024-12-17 15:06:00.134097111 +0530 IST m=+42.183305463 
Log entry at 2024-12-17 15:06:00.637706405 +0530 IST m=+42.686914758 
Log entry at 2024-12-17 15:06:01.161209764 +0530 IST m=+43.210418115 
Log entry at 2024-12-17 15:06:01.676927877 +0530 IST m=+43.726136227 
Log entry at 2024-12-17 15:06:02.179013802 +0530 IST m=+44.228222156 
Log entry at 2024-12-17 15:06:02.694627517 +0530 IST m=+44.743835870 
Log entry at 2024-12-17 15:06:03.196970672 +0530 IST m=+45.246179023 
Log entry at 2024-12-17 15:06:03.706408539 +0530 IST m=+45.755616898 
Log entry at 2024-12-17 15:06:04.210569351 +0530 IST m=+46.259777703 
Log entry at 2024-12-17 15:06:04.714544239 +0530 IST m=+46.763752597 
Log entry at 2024-12-17 15:06:05.21879643 +0530 IST m=+47.268004779 
Log entry at 2024-12-17 15:07:42.053464433 +0530 IST m=+0.002867888 
Log entry at 2024-12-17 15:07:42.55821389 +0530 IST m=+0.507617343 
Log entry at 2024-12-17 15:07:43.069181709 +0530 IST m=+1.018585164 
Log entry at 2024-12-17 15:07:43.572263297 +0530 IST m=+1.521666747 
Log entry at 2024-12-17 15:07:44.08211479 +0530 IST m=+2.031518244 
Log entry at 2024-12-17 15:07:44.594635084 +0530 IST m=+2.544038536 
Log entry at 2024-12-17 15:07:45.097731449 +0530 IST m=+3.047134903 
Log entry at 2024-12-17 15:07:45.600941726 +0530 IST m=+3.550345178 
Log entry at 2024-12-17 15:07:46.103373914 +0530 IST m=+4.052777380 
Log entry at 2024-12-17 15:07:46.60882796 +0530 IST m=+4.558231413 
Log entry at 2024-12-17 15:07:47.114593355 +0530 IST m=+5.063996806 
Log entry at 2024-12-17 15:07:47.617044604 +0530 IST m=+5.566448054 
Log entry at 2024-12-17 15:07:48.119435045 +0530 IST m=+6.068838494 
Log entry at 2024-12-17 15:07:48.621536234 +0530 IST m=+6.570939682 
Log entry at 2024-12-17 15:07:49.123898291 +0530 IST m=+7.073301748 
Log entry at 2024-12-17 15:07:49.631003892 +0530 IST m=+7.580407346 
Log entry at 2024-12-17 15:07:50.174324294 +0530 IST m=+8.123727759 
Log entry at 2024-12-17 15:07:50.683445409 +0530 IST m=+8.632848865 
Log entry at 2024-12-17 15:07:51.185889717 +0530 IST m=+9.135293170 
Log entry at 2024-12-17 15:07:51.689106961 +0530 IST m=+9.638510412 
Log entry at 2024-12-17 15:07:52.191811083 +0530 IST m=+10.141214536 
Log entry at 2024-12-17 15:07:52.696634875 +0530 IST m=+10.646038325 
Log entry at 2024-12-17 15:07:53.198121124 +0530 IST m=+11.147524575 
Log entry at 2024-12-17 15:07:53.700926721 +0530 IST m=+11.650330185 
Log entry at 2024-12-17 15:07:54.215648713 +0530 IST m=+12.165052161 
Log entry at 2024-12-17 15:07:54.717589074 +0530 IST m=+12.666992522 
Log entry at 2024-12-17 15:07:55.220073193 +0530 IST m=+13.169476649 
Log entry at 2024-12-17 15:07:55.722204679 +0530 IST m=+13.671608127 
Log entry at 2024-12-17 15:07:56.224350714 +0530 IST m=+14.173754164 
Log entry at 2024-12-17 15:07:56.727553043 +0530 IST m=+14.676956493 
Log entry at 2024-12-17 15:07:57.23182737 +0530 IST m=+15.181230820 
Log entry at 2024-12-17 15:07:57.738914036 +0530 IST m=+15.688317489 
Log entry at 2024-12-17 15:07:58.259028049 +0530 IST m=+16.208431500 
Log entry at 2024-12-17 15:07:58.762546933 +0530 IST m=+16.711950381 
Log entry at 2024-12-17 15:07:59.264671399 +0530 IST m=+17.214074848 
Log entry at 2024-12-17 15:07:59.766490056 +0530 IST m=+17.715893505 
Log entry at 2024-12-17 15:08:00.269003504 +0530 IST m=+18.218406961 
Log entry at 2024-12-17 15:08:00.772327883 +0530 IST m=+18.721731335 
Log entry at 2024-12-17 15:08:01.275953349 +0530 IST m=+19.225356809 
Log entry at 2024-12-17 15:08:01.782865618 +0530 IST m=+19.732269069 
Log entry at 2024-12-17 15:08:02.2848117 +0530 IST m=+20.234215149 
Log entry at 2024-12-17 15:08:02.786704641 +0530 IST m=+20.736108089 
Log entry at 2024-12-17 15:08:03.288320785 +0530 IST m=+21.237724233 
Log entry at 2024-12-17 15:08:03.791159885 +0530 IST m=+21.740563337 
Log entry at 2024-12-17 15:08:04.296097129 +0530 IST m=+22.245500580 
Log entry at 2024-12-17 15:08:04.798326228 +0530 IST m=+22.747729684 
Log entry at 2024-12-17 15:08:05.306806321 +0530 IST m=+23.256209770 
Log entry at 2024-12-17 15:08:05.81201722 +0530 IST m=+23.761420667 
Log entry at 2024-12-17 15:08:06.319028614 +0530 IST m=+24.268432062 
Log entry at 2024-12-17 15:08:06.822415198 +0530 IST m=+24.771818645 
Log entry at 2024-12-17 15:08:07.325463346 +0530 IST m=+25.274866804 
Log entry at 2024-12-17 15:08:07.834848918 +0530 IST m=+25.784252369 
Log entry at 2024-12-17 15:08:08.337279506 +0530 IST m=+26.286682956 
Log entry at 2024-12-17 15:08:08.839403286 +0530 IST m=+26.788806736 
Log entry at 2024-12-17 15:08:09.341182859 +0530 IST m=+27.290586308 
Log entry at 2024-12-17 15:08:09.844102485 +0530 IST m=+27.793505935 
Log entry at 2024-12-17 15:08:10.352314197 +0530 IST m=+28.301717647 
Log entry at 2024-12-17 15:08:10.855317299 +0530 IST m=+28.804720747 
Log entry at 2024-12-17 15:08:11.357215954 +0530 IST m=+29.306619403 
Log entry at 2024-12-17 15:08:11.85908196 +0530 IST m=+29.808485411 
Log entry at 2024-12-17 15:08:12.360346105 +0530 IST m=+30.309749557 
Log entry at 2024-12-17 15:08:14.246899096 +0530 IST m=+30.811604157 
Log entry at 2024-12-17 15:08:14.749058782 +0530 IST m=+31.313763841 
Log entry at 2024-12-17 15:08:15.252017926 +0530 IST m=+31.816722985 
Log entry at 2024-12-17 15:08:15.754368153 +0530 IST m=+32.319073212 
Log entry at 2024-12-17 15:08:16.256966263 +0530 IST m=+32.821671323 
Log entry at 2024-12-17 15:08:16.759553856 +0530 IST m=+33.324258914 
Log entry at 2024-12-17 15:08:17.262082464 +0530 IST m=+33.826787523 
Log entry at 2024-12-17 15:08:17.770351006 +0530 IST m=+34.335056065 
Log entry at 2024-12-17 15:08:18.272469105 +0530 IST m=+34.837174162 
Log entry at 2024-12-17 15:08:18.774076702 +0530 IST m=+35.338781761 
Log entry at 2024-12-17 15:08:19.275918107 +0530 IST m=+35.840623167 
Log entry at 2024-12-17 15:08:19.778281178 +0530 IST m=+36.342986239 
Log entry at 2024-12-17 15:08:20.280090838 +0530 IST m=+36.844795897 
Log entry at 2024-12-17 15:08:20.782145152 +0530 IST m=+37.346850211 
Log entry at 2024-12-17 15:08:21.284258505 +0530 IST m=+37.848963563 
Log entry at 2024-12-17 15:08:21.786684138 +0530 IST m=+38.351389197 
Log entry at 2024-12-17 15:08:22.288064386 +0530 IST m=+38.852769445 
Log entry at 2024-12-17 15:08:22.78984682 +0530 IST m=+39.354551879 
Log entry at 2024-12-17 15:08:23.291441537 +0530 IST m=+39.856146596 
Log entry at 2024-12-17 15:08:23.793982596 +0530 IST m=+40.358687659 
Log entry at 2024-12-17 15:08:24.296721984 +0530 IST m=+40.861427043 
Log entry at 2024-12-17 15:08:24.801933725 +0530 IST m=+41.366638786 
Log entry at 2024-12-17 15:08:25.30660911 +0530 IST m=+41.871314181 
Log entry at 2024-12-17 15:08:25.809462513 +0530 IST m=+42.374167584 
Log entry at 2024-12-17 15:08:26.314603257 +0530 IST m=+42.879308316 
Log entry at 2024-12-17 15:08:26.817782733 +0530 IST m=+43.382487792 
Log entry at 2024-12-17 15:08:27.320163693 +0530 IST m=+43.884868751 
Log entry at 2024-12-17 15:08:27.824483763 +0530 IST m=+44.389188823 
Log entry at 2024-12-17 15:08:28.327036258 +0530 IST m=+44.891741320 
Log entry at 2024-12-17 15:08:28.8299639 +0530 IST m=+45.394668968 
Log entry at 2024-12-17 15:08:29.333709827 +0530 IST m=+45.898414885 
Log entry at 2024-12-17 15:08:29.835240094 +0530 IST m=+46.399945152 
Log entry at 2024-12-17 15:08:30.33942426 +0530 IST m=+46.904129321 
Log entry at 2024-12-17 15:08:30.843075768 +0530 IST m=+47.407780830 
Log entry at 2024-12-17 15:08:31.349615325 +0530 IST m=+47.914320389 
Log entry at 2024-12-17 15:08:31.856072574 +0530 IST m=+48.420777633 
Log entry at 2024-12-17 15:08:32.360094891 +0530 IST m=+48.924799949 
Log entry at 2024-12-17 15:08:32.863124123 +0530 IST m=+49.427829183 
Log entry at 2024-12-17 15:08:33.365863746 +0530 IST m=+49.930568804 
Log entry at 2024-12-17 15:08:33.870851172 +0530 IST m=+50.435556231 
Log entry at 2024-12-17 15:08:34.373191201 +0530 IST m=+50.937896269 
Log entry at 2024-12-17 15:08:34.87737462 +0530 IST m=+51.442079686 
Log entry at 2024-12-17 15:08:35.383649894 +0530 IST m=+51.948354952 
Log entry at 2024-12-17 15:08:35.885570778 +0530 IST m=+52.450275837 
Log entry at 2024-12-17 15:08:36.388735759 +0530 IST m=+52.953440818 
Log entry at 2024-12-17 15:08:36.892570151 +0530 IST m=+53.457275209 
Log entry at 2024-12-17 15:08:37.395307522 +0530 IST m=+53.960012580 
Log entry at 2024-12-17 15:08:37.900916552 +0530 IST m=+54.465621611 
Log entry at 2024-12-17 15:08:38.403814479 +0530 IST m=+54.968519538 
Log entry at 2024-12-17 15:08:38.913870431 +0530 IST m=+55.478575489 
Log entry at 2024-12-17 15:08:39.424970047 +0530 IST m=+55.989675108 
Log entry at 2024-12-17 15:08:39.929287117 +0530 IST m=+56.493992179 
Log entry at 2024-12-17 15:08:40.432044901 +0530 IST m=+56.996749964 
Log entry at 2024-12-17 15:08:40.94015313 +0530 IST m=+57.504858196 
Log entry at 2024-12-17 15:08:41.442050526 +0530 IST m=+58.006755585 
Log entry at 2024-12-17 15:08:41.944588279 +0530 IST m=+58.509293337 
Log entry at 2024-12-17 15:08:42.446378545 +0530 IST m=+59.011083604 
Log entry at 2024-12-17 15:08:42.948008421 +0530 IST m=+59.512713479 
Log entry at 2024-12-17 15:08:43.45171979 +0530 IST m=+60.016424848 
Log entry at 2024-12-17 15:08:43.954715 +0530 IST m=+60.519420060 
Log entry at 2024-12-17 15:08:44.457476976 +0530 IST m=+61.022182035 
Log entry at 2024-12-17 15:08:44.962315133 +0530 IST m=+61.527020191 
Log entry at 2024-12-17 15:08:45.465575575 +0530 IST m=+62.030280633 
Log entry at 2024-12-17 15:08:45.967496309 +0530 IST m=+62.532201367 
Log entry at 2024-12-17 15:08:47.820207541 +0530 IST m=+63.034166446 
Log entry at 2024-12-17 15:08:48.322174171 +0530 IST m=+63.536133076 
Log entry at 2024-12-17 15:08:48.824030576 +0530 IST m=+64.037989481 
Log entry at 2024-12-17 15:08:49.325991384 +0530 IST m=+64.539950289 
Log entry at 2024-12-17 15:08:49.828010592 +0530 IST m=+65.041969499 
Log entry at 2024-12-17 15:08:50.331131611 +0530 IST m=+65.545090516 
Log entry at 2024-12-17 15:08:50.833223847 +0530 IST m=+66.047182751 
Log entry at 2024-12-17 15:08:51.336041041 +0530 IST m=+66.549999977 
Log entry at 2024-12-17 15:08:51.838803978 +0530 IST m=+67.052762883 
Log entry at 2024-12-17 15:08:52.34387021 +0530 IST m=+67.557829119 
Log entry at 2024-12-17 15:08:52.8528098 +0530 IST m=+68.066768706 
Log entry at 2024-12-17 15:08:53.356386284 +0530 IST m=+68.570345189 
Log entry at 2024-12-17 15:08:53.858294716 +0530 IST m=+69.072253621 
Log entry at 2024-12-17 15:08:54.359657653 +0530 IST m=+69.573616558 
Log entry at 2024-12-17 15:08:54.862305617 +0530 IST m=+70.076264522 
Log entry at 2024-12-17 15:08:55.36521971 +0530 IST m=+70.579178615 
Log entry at 2024-12-17 15:08:55.866991257 +0530 IST m=+71.080950162 
Log entry at 2024-12-17 15:08:56.368654831 +0530 IST m=+71.582613735 
Log entry at 2024-12-17 15:08:56.870173656 +0530 IST m=+72.084132561 
Log entry at 2024-12-17 15:08:57.373078939 +0530 IST m=+72.587037844 
Log entry at 2024-12-17 15:08:57.874533446 +0530 IST m=+73.088492350 
Log entry at 2024-12-17 15:08:58.376546911 +0530 IST m=+73.590505815 
Log entry at 2024-12-17 15:08:58.879253075 +0530 IST m=+74.093211979 
Log entry at 2024-12-17 15:08:59.38087642 +0530 IST m=+74.594835323 
Log entry at 2024-12-17 15:08:59.883702259 +0530 IST m=+75.097661163 
Log entry at 2024-12-17 15:09:00.385336347 +0530 IST m=+75.599295250 
Log entry at 2024-12-17 15:09:00.887039919 +0530 IST m=+76.100998822 
Log entry at 2024-12-17 15:09:01.388724739 +0530 IST m=+76.602683643 
Log entry at 2024-12-17 15:09:01.890030656 +0530 IST m=+77.103989561 
Log entry at 2024-12-17 15:09:02.393006252 +0530 IST m=+77.606965155 
Log entry at 2024-12-17 15:09:02.896369138 +0530 IST m=+78.110328048 
Log entry at 2024-12-17 15:09:03.40029342 +0530 IST m=+78.614252326 
Log entry at 2024-12-17 15:09:03.906337239 +0530 IST m=+79.120296144 
Log entry at 2024-12-17 15:09:04.409986964 +0530 IST m=+79.623945867 
Log entry at 2024-12-17 15:09:04.91585532 +0530 IST m=+80.129814231 
Log entry at 2024-12-17 15:09:05.421088487 +0530 IST m=+80.635047393 
Log entry at 2024-12-17 15:09:05.924023673 +0530 IST m=+81.137982583 
Log entry at 2024-12-17 15:09:06.427850796 +0530 IST m=+81.641809701 
Log entry at 2024-12-17 15:09:06.936335094 +0530 IST m=+82.150293998 
Log entry at 2024-12-17 15:09:07.448021516 +0530 IST m=+82.661980423 
Log entry at 2024-12-17 15:09:07.957248355 +0530 IST m=+83.171207265 
Log entry at 2024-12-17 15:09:08.463078812 +0530 IST m=+83.677037729 
Log entry at 2024-12-17 15:09:08.984227133 +0530 IST m=+84.198186043 
Log entry at 2024-12-17 15:09:09.487461849 +0530 IST m=+84.701420768 
Log entry at 2024-12-17 15:09:09.993590423 +0530 IST m=+85.207549328 
Log entry at 2024-12-17 15:09:10.495535417 +0530 IST m=+85.709494320 
Log entry at 2024-12-17 15:09:10.997507793 +0530 IST m=+86.211466697 
Log entry at 2024-12-17 15:09:11.499060301 +0530 IST m=+86.713019208 
Log entry at 2024-12-17 15:09:12.000792234 +0530 IST m=+87.214751148 
Log entry at 2024-12-17 15:09:12.502730719 +0530 IST m=+87.716689625 
Log entry at 2024-12-17 15:09:13.004783648 +0530 IST m=+88.218742556 
Log entry at 2024-12-17 15:09:13.507538282 +0530 IST m=+88.721497189 
Log entry at 2024-12-17 15:09:14.009708472 +0530 IST m=+89.223667388 
Log entry at 2024-12-17 15:09:14.512559164 +0530 IST m=+89.726518072 
Log entry at 2024-12-17 15:09:15.016559494 +0530 IST m=+90.230518402 
Log entry at 2024-12-17 15:09:15.518965189 +0530 IST m=+90.732924097 
Log entry at 2024-12-17 15:09:16.021753948 +0530 IST m=+91.235712860 
Log entry at 2024-12-17 15:09:16.52490266 +0530 IST m=+91.738861573 
Log entry at 2024-12-17 15:09:17.042281139 +0530 IST m=+92.256240044 
Log entry at 2024-12-17 15:09:17.545406968 +0530 IST m=+92.759365884 
Log entry at 2024-12-17 15:09:18.048876107 +0530 IST m=+93.262835016 
Log entry at 2024-12-17 15:09:18.552435137 +0530 IST m=+93.766394044 
Log entry at 2024-12-17 15:09:19.055904775 +0530 IST m=+94.269863687 
Log entry at 2024-12-17 15:09:19.558007758 +0530 IST m=+94.771966668 
Log entry at 2024-12-17 15:09:21.484182823 +0530 IST m=+95.283155129 
Log entry at 2024-12-17 15:09:21.990449928 +0530 IST m=+95.789422223 
Log entry at 2024-12-17 15:09:22.493254359 +0530 IST m=+96.292226655 
Log entry at 2024-12-17 15:09:22.995403449 +0530 IST m=+96.794375751 
Log entry at 2024-12-17 15:09:23.504296594 +0530 IST m=+97.303268896 
Log entry at 2024-12-17 15:09:24.006904181 +0530 IST m=+97.805876486 
Log entry at 2024-12-17 15:09:24.509032497 +0530 IST m=+98.308004791 
Log entry at 2024-12-17 15:09:25.011773648 +0530 IST m=+98.810745942 
Log entry at 2024-12-17 15:09:25.514152471 +0530 IST m=+99.313124767 
Log entry at 2024-12-17 15:09:26.017140018 +0530 IST m=+99.816112312 
Log entry at 2024-12-17 15:09:26.522857868 +0530 IST m=+100.321830163 
Log entry at 2024-12-17 15:09:27.025421436 +0530 IST m=+100.824393730 
Log entry at 2024-12-17 15:09:27.527260978 +0530 IST m=+101.326233273 
Log entry at 2024-12-17 15:09:28.02887591 +0530 IST m=+101.827848204 
Log entry at 2024-12-17 15:09:28.531606681 +0530 IST m=+102.330578976 
Log entry at 2024-12-17 15:09:29.033893733 +0530 IST m=+102.832866033 
Log entry at 2024-12-17 15:09:29.536766043 +0530 IST m=+103.335738338 
Log entry at 2024-12-17 15:09:30.039550918 +0530 IST m=+103.838523213 
Log entry at 2024-12-17 15:09:30.541804064 +0530 IST m=+104.340776359 
Log entry at 2024-12-17 15:09:31.043779228 +0530 IST m=+104.842751522 
Log entry at 2024-12-17 15:09:31.551213031 +0530 IST m=+105.350185327 
Log entry at 2024-12-17 15:09:32.053023303 +0530 IST m=+105.851995596 
Log entry at 2024-12-17 15:09:32.554627118 +0530 IST m=+106.353599413 
Log entry at 2024-12-17 15:09:33.056289955 +0530 IST m=+106.855262248 
Log entry at 2024-12-17 15:09:33.561933625 +0530 IST m=+107.360905919 
Log entry at 2024-12-17 15:09:34.063370947 +0530 IST m=+107.862343242 
Log entry at 2024-12-17 15:09:34.56506216 +0530 IST m=+108.364034454 
Log entry at 2024-12-17 15:09:35.068232431 +0530 IST m=+108.867204726 
Log entry at 2024-12-17 15:09:35.570416747 +0530 IST m=+109.369389042 
Log entry at 2024-12-17 15:09:36.072344626 +0530 IST m=+109.871316920 
Log entry at 2024-12-17 15:09:36.574193056 +0530 IST m=+110.373165350 
Log entry at 2024-12-17 15:09:37.076287567 +0530 IST m=+110.875259862 
Log entry at 2024-12-17 15:09:37.579257133 +0530 IST m=+111.378229428 
Log entry at 2024-12-17 15:09:38.086170185 +0530 IST m=+111.885142480 
Log entry at 2024-12-17 15:09:38.588542522 +0530 IST m=+112.387514817 
Log entry at 2024-12-17 15:09:39.091752922 +0530 IST m=+112.890725218 
Log entry at 2024-12-17 15:09:39.593932771 +0530 IST m=+113.392905065 
Log entry at 2024-12-17 15:09:40.096712418 +0530 IST m=+113.895684712 
Log entry at 2024-12-17 15:09:40.599644688 +0530 IST m=+114.398616983 
Log entry at 2024-12-17 15:09:41.102815205 +0530 IST m=+114.901787499 
Log entry at 2024-12-17 15:09:41.605638902 +0530 IST m=+115.404611198 
Log entry at 2024-12-17 15:09:42.1084582 +0530 IST m=+115.907430495 
Log entry at 2024-12-17 15:09:42.611060329 +0530 IST m=+116.410032624 
Log entry at 2024-12-17 15:09:43.112524732 +0530 IST m=+116.911497026 
Log entry at 2024-12-17 15:09:43.614513128 +0530 IST m=+117.413485422 
Log entry at 2024-12-17 15:09:44.131968549 +0530 IST m=+117.930940843 
Log entry at 2024-12-17 15:09:44.634973011 +0530 IST m=+118.433945305 
Log entry at 2024-12-17 15:09:45.139871152 +0530 IST m=+118.938843454 
Log entry at 2024-12-17 15:09:45.643966287 +0530 IST m=+119.442938594 
Log entry at 2024-12-17 15:09:46.150664964 +0530 IST m=+119.949637266 
Log entry at 2024-12-17 15:09:46.65844214 +0530 IST m=+120.457414435 
Log entry at 2024-12-17 15:09:47.160079465 +0530 IST m=+120.959051761 
Log entry at 2024-12-17 15:09:47.661359386 +0530 IST m=+121.460331681 
Log entry at 2024-12-17 15:09:48.164123269 +0530 IST m=+121.963095564 
Log entry at 2024-12-17 15:09:48.667192822 +0530 IST m=+122.466165126 
Log entry at 2024-12-17 15:09:49.170828187 +0530 IST m=+122.969800484 
Log entry at 2024-12-17 15:09:49.672446113 +0530 IST m=+123.471418408 
Log entry at 2024-12-17 15:09:50.173665449 +0530 IST m=+123.972637744 
Log entry at 2024-12-17 15:09:50.676558396 +0530 IST m=+124.475530692 
Log entry at 2024-12-17 15:09:51.178714889 +0530 IST m=+124.977687183 
Log entry at 2024-12-17 15:09:51.681075502 +0530 IST m=+125.480047796 
Log entry at 2024-12-17 15:09:52.182409674 +0530 IST m=+125.981381969 
Log entry at 2024-12-17 15:09:52.683952151 +0530 IST m=+126.482924445 
Log entry at 2024-12-17 15:09:53.185605315 +0530 IST m=+126.984577609 
Log entry at 2024-12-17 15:09:55.034523986 +0530 IST m=+127.486270137 
Log entry at 2024-12-17 15:09:55.53626555 +0530 IST m=+127.988011710 
Log entry at 2024-12-17 15:09:56.038877201 +0530 IST m=+128.490623354 
Log entry at 2024-12-17 15:09:56.542111477 +0530 IST m=+128.993857630 
Log entry at 2024-12-17 15:09:57.048538461 +0530 IST m=+129.500284614 
Log entry at 2024-12-17 15:09:57.550264024 +0530 IST m=+130.002010175 
Log entry at 2024-12-17 15:09:58.052507451 +0530 IST m=+130.504253604 
Log entry at 2024-12-17 15:09:58.554953011 +0530 IST m=+131.006699163 
Log entry at 2024-12-17 15:09:59.057196997 +0530 IST m=+131.508943150 
Log entry at 2024-12-17 15:09:59.566921076 +0530 IST m=+132.018667228 
Log entry at 2024-12-17 15:10:00.071480661 +0530 IST m=+132.523226814 
Log entry at 2024-12-17 15:10:00.574666119 +0530 IST m=+133.026412270 
Log entry at 2024-12-17 15:10:01.07847776 +0530 IST m=+133.530223914 
Log entry at 2024-12-17 15:10:01.579965714 +0530 IST m=+134.031711867 
Log entry at 2024-12-17 15:10:02.08192754 +0530 IST m=+134.533673693 
Log entry at 2024-12-17 15:10:02.583925516 +0530 IST m=+135.035671669 
Log entry at 2024-12-17 15:10:03.085897411 +0530 IST m=+135.537643569 
Log entry at 2024-12-17 15:10:03.588689347 +0530 IST m=+136.040435500 
Log entry at 2024-12-17 15:10:04.090671105 +0530 IST m=+136.542417259 
Log entry at 2024-12-17 15:10:04.592558264 +0530 IST m=+137.044304418 
Log entry at 2024-12-17 15:10:05.094050733 +0530 IST m=+137.545796885 
Log entry at 2024-12-17 15:10:05.599828331 +0530 IST m=+138.051574482 
Log entry at 2024-12-17 15:10:06.101402337 +0530 IST m=+138.553148490 
Log entry at 2024-12-17 15:10:06.603175142 +0530 IST m=+139.054921295 
Log entry at 2024-12-17 15:10:07.10506458 +0530 IST m=+139.556810732 
Log entry at 2024-12-17 15:10:07.60882609 +0530 IST m=+140.060572243 
Log entry at 2024-12-17 15:10:08.113205814 +0530 IST m=+140.564951979 
Log entry at 2024-12-17 15:10:08.619067492 +0530 IST m=+141.070813652 
Log entry at 2024-12-17 15:10:09.121025753 +0530 IST m=+141.572771911 
Log entry at 2024-12-17 15:10:09.625335226 +0530 IST m=+142.077081382 
Log entry at 2024-12-17 15:10:10.12933683 +0530 IST m=+142.581082983 
Log entry at 2024-12-17 15:10:10.633161399 +0530 IST m=+143.084907558 
Log entry at 2024-12-17 15:10:11.137023005 +0530 IST m=+143.588769162 
Log entry at 2024-12-17 15:10:11.644626308 +0530 IST m=+144.096372471 
Log entry at 2024-12-17 15:10:12.149052638 +0530 IST m=+144.600798797 
Log entry at 2024-12-17 15:10:12.652648237 +0530 IST m=+145.104394401 
Log entry at 2024-12-17 15:10:13.158618389 +0530 IST m=+145.610364548 
Log entry at 2024-12-17 15:10:13.662017326 +0530 IST m=+146.113763481 
Log entry at 2024-12-17 15:10:14.164686348 +0530 IST m=+146.616432504 
Log entry at 2024-12-17 15:10:14.667760847 +0530 IST m=+147.119507007 
Log entry at 2024-12-17 15:10:15.170755724 +0530 IST m=+147.622501877 
Log entry at 2024-12-17 15:10:15.673645408 +0530 IST m=+148.125391564 
Log entry at 2024-12-17 15:10:16.175091878 +0530 IST m=+148.626838033 
Log entry at 2024-12-17 15:10:16.678027177 +0530 IST m=+149.129773333 
Log entry at 2024-12-17 15:10:17.180547021 +0530 IST m=+149.632293181 
Log entry at 2024-12-17 15:10:17.682274718 +0530 IST m=+150.134020874 
Log entry at 2024-12-17 15:10:18.184578638 +0530 IST m=+150.636324793 
Log entry at 2024-12-17 15:10:18.688998245 +0530 IST m=+151.140744399 
Log entry at 2024-12-17 15:10:19.190997473 +0530 IST m=+151.642743627 
Log entry at 2024-12-17 15:10:19.692915392 +0530 IST m=+152.144661545 
Log entry at 2024-12-17 15:10:20.194594786 +0530 IST m=+152.646340939 
Log entry at 2024-12-17 15:10:20.69634183 +0530 IST m=+153.148087993 
Log entry at 2024-12-17 15:10:21.199787246 +0530 IST m=+153.651533410 
Log entry at 2024-12-17 15:10:21.705633214 +0530 IST m=+154.157379366 
Log entry at 2024-12-17 15:10:22.207938627 +0530 IST m=+154.659684780 
Log entry at 2024-12-17 15:10:22.714910423 +0530 IST m=+155.166656578 
Log entry at 2024-12-17 15:10:23.216733918 +0530 IST m=+155.668480073 
Log entry at 2024-12-17 15:10:23.723359303 +0530 IST m=+156.175105456 
Log entry at 2024-12-17 15:10:24.225340494 +0530 IST m=+156.677086648 
Log entry at 2024-12-17 15:10:24.727036057 +0530 IST m=+157.178782209 
Log entry at 2024-12-17 15:10:25.228769689 +0530 IST m=+157.680515844 
Log entry at 2024-12-17 15:10:25.73038034 +0530 IST m=+158.182126501 
Log entry at 2024-12-17 15:10:26.233223064 +0530 IST m=+158.684969221 
Log entry at 2024-12-17 15:10:26.735255646 +0530 IST m=+159.187001808 
Log entry at 2024-12-17 15:10:28.698898321 +0530 IST m=+159.694354709 
Log entry at 2024-12-17 15:10:29.200920194 +0530 IST m=+160.196376582 
Log entry at 2024-12-17 15:10:29.707562319 +0530 IST m=+160.703018708 
Log entry at 2024-12-17 15:10:30.209951793 +0530 IST m=+161.205408180 
Log entry at 2024-12-17 15:10:30.71301345 +0530 IST m=+161.708469834 
Log entry at 2024-12-17 15:10:31.216484377 +0530 IST m=+162.211940765 
Log entry at 2024-12-17 15:10:31.721624988 +0530 IST m=+162.717081377 
Log entry at 2024-12-17 15:10:32.224755454 +0530 IST m=+163.220211838 
Log entry at 2024-12-17 15:10:32.726267446 +0530 IST m=+163.721723830 
Log entry at 2024-12-17 15:10:33.229027698 +0530 IST m=+164.224484081 
Log entry at 2024-12-17 15:10:33.732754784 +0530 IST m=+164.728211169 
Log entry at 2024-12-17 15:10:34.235060931 +0530 IST m=+165.230517317 
Log entry at 2024-12-17 15:10:34.738736599 +0530 IST m=+165.734192985 
Log entry at 2024-12-17 15:10:35.242753008 +0530 IST m=+166.238209396 
Log entry at 2024-12-17 15:10:35.746246202 +0530 IST m=+166.741702587 
Log entry at 2024-12-17 15:10:36.248965877 +0530 IST m=+167.244422264 
Log entry at 2024-12-17 15:10:36.754269543 +0530 IST m=+167.749725929 
Log entry at 2024-12-17 15:10:37.257786994 +0530 IST m=+168.253243382 
Log entry at 2024-12-17 15:10:37.765093225 +0530 IST m=+168.760549628 
Log entry at 2024-12-17 15:10:38.277151713 +0530 IST m=+169.272608101 
Log entry at 2024-12-17 15:10:38.779038173 +0530 IST m=+169.774494558 
Log entry at 2024-12-17 15:10:39.281527844 +0530 IST m=+170.276984230 
Log entry at 2024-12-17 15:10:39.785370234 +0530 IST m=+170.780826617 
Log entry at 2024-12-17 15:10:40.287372018 +0530 IST m=+171.282828402 
Log entry at 2024-12-17 15:10:40.78929979 +0530 IST m=+171.784756174 
Log entry at 2024-12-17 15:10:41.291024494 +0530 IST m=+172.286480879 
Log entry at 2024-12-17 15:10:41.792598041 +0530 IST m=+172.788054426 
Log entry at 2024-12-17 15:10:42.295120295 +0530 IST m=+173.290576679 
Log entry at 2024-12-17 15:10:42.796302437 +0530 IST m=+173.791758823 
Log entry at 2024-12-17 15:10:43.299107196 +0530 IST m=+174.294563580 
Log entry at 2024-12-17 15:10:43.801878381 +0530 IST m=+174.797334766 
Log entry at 2024-12-17 15:10:44.303729764 +0530 IST m=+175.299186150 
Log entry at 2024-12-17 15:10:44.805759365 +0530 IST m=+175.801215751 
Log entry at 2024-12-17 15:10:45.307717271 +0530 IST m=+176.303173657 
Log entry at 2024-12-17 15:10:45.809799621 +0530 IST m=+176.805256007 
Log entry at 2024-12-17 15:10:46.312076483 +0530 IST m=+177.307532869 
Log entry at 2024-12-17 15:10:46.814076262 +0530 IST m=+177.809532646 
Log entry at 2024-12-17 15:10:47.316355124 +0530 IST m=+178.311811511 
Log entry at 2024-12-17 15:10:47.819735212 +0530 IST m=+178.815191600 
Log entry at 2024-12-17 15:10:48.324105842 +0530 IST m=+179.319562229 
Log entry at 2024-12-17 15:10:48.828922198 +0530 IST m=+179.824378586 
Log entry at 2024-12-17 15:10:49.334717485 +0530 IST m=+180.330173876 
Log entry at 2024-12-17 15:10:49.837822703 +0530 IST m=+180.833279090 
Log entry at 2024-12-17 15:10:50.34117697 +0530 IST m=+181.336633356 
Log entry at 2024-12-17 15:10:50.842875505 +0530 IST m=+181.838331890 
Log entry at 2024-12-17 15:10:51.345376307 +0530 IST m=+182.340832692 
Log entry at 2024-12-17 15:10:51.848269413 +0530 IST m=+182.843725806 
Log entry at 2024-12-17 15:10:52.351091347 +0530 IST m=+183.346547735 
Log entry at 2024-12-17 15:10:52.855380991 +0530 IST m=+183.850837378 
Log entry at 2024-12-17 15:10:53.358993131 +0530 IST m=+184.354449515 
Log entry at 2024-12-17 15:10:53.862051197 +0530 IST m=+184.857507583 
Log entry at 2024-12-17 15:10:54.367178455 +0530 IST m=+185.362634840 
Log entry at 2024-12-17 15:10:54.870514909 +0530 IST m=+185.865971293 
Log entry at 2024-12-17 15:10:55.373624128 +0530 IST m=+186.369080511 
Log entry at 2024-12-17 15:10:55.875433956 +0530 IST m=+186.870890339 
Log entry at 2024-12-17 15:10:56.378559757 +0530 IST m=+187.374016142 
Log entry at 2024-12-17 15:10:56.88114347 +0530 IST m=+187.876599857 
Log entry at 2024-12-17 15:10:57.385842846 +0530 IST m=+188.381299230 
Log entry at 2024-12-17 15:10:57.888446401 +0530 IST m=+188.883902784 
Log entry at 2024-12-17 15:10:58.392364973 +0530 IST m=+189.387821358 
Log entry at 2024-12-17 15:10:58.894491131 +0530 IST m=+189.889947517 
Log entry at 2024-12-17 15:10:59.396247422 +0530 IST m=+190.391703807 
Log entry at 2024-12-17 15:10:59.898224707 +0530 IST m=+190.893681091 
Log entry at 2024-12-17 15:11:00.400142312 +0530 IST m=+191.395598702 
Log entry at 2024-12-17 15:11:02.439923675 +0530 IST m=+191.906147084 
Log entry at 2024-12-17 15:11:02.943191755 +0530 IST m=+192.409415163 
Log entry at 2024-12-17 15:11:03.445443458 +0530 IST m=+192.911666865 
Log entry at 2024-12-17 15:11:03.947516644 +0530 IST m=+193.413740059 
Log entry at 2024-12-17 15:11:04.456805485 +0530 IST m=+193.923028890 
Log entry at 2024-12-17 15:11:04.958686136 +0530 IST m=+194.424909543 
Log entry at 2024-12-17 15:11:05.459903413 +0530 IST m=+194.926126820 
Log entry at 2024-12-17 15:11:05.962606106 +0530 IST m=+195.428829515 
Log entry at 2024-12-17 15:11:06.472329212 +0530 IST m=+195.938552617 
Log entry at 2024-12-17 15:11:06.974325166 +0530 IST m=+196.440548572 
Log entry at 2024-12-17 15:11:07.475749936 +0530 IST m=+196.941973342 
Log entry at 2024-12-17 15:11:07.978385213 +0530 IST m=+197.444608621 
Log entry at 2024-12-17 15:11:08.483377239 +0530 IST m=+197.949600650 
Log entry at 2024-12-17 15:11:08.988628529 +0530 IST m=+198.454851948 
Log entry at 2024-12-17 15:11:09.493635427 +0530 IST m=+198.959858847 
Log entry at 2024-12-17 15:11:09.997614406 +0530 IST m=+199.463837816 
Log entry at 2024-12-17 15:11:10.507576818 +0530 IST m=+199.973800231 
Log entry at 2024-12-17 15:11:11.01199273 +0530 IST m=+200.478216143 
Log entry at 2024-12-17 15:11:11.52010219 +0530 IST m=+200.986325603 
Log entry at 2024-12-17 15:11:12.027705431 +0530 IST m=+201.493928844 
Log entry at 2024-12-17 15:11:12.544295081 +0530 IST m=+202.010518488 
Log entry at 2024-12-17 15:11:13.045960132 +0530 IST m=+202.512183541 
Log entry at 2024-12-17 15:11:13.549213488 +0530 IST m=+203.015436900 
Log entry at 2024-12-17 15:11:14.05875187 +0530 IST m=+203.524975277 
Log entry at 2024-12-17 15:11:14.562841889 +0530 IST m=+204.029065298 
Log entry at 2024-12-17 15:11:15.065966192 +0530 IST m=+204.532189599 
Log entry at 2024-12-17 15:11:15.569346177 +0530 IST m=+205.035569584 
Log entry at 2024-12-17 15:11:16.070939575 +0530 IST m=+205.537162979 
Log entry at 2024-12-17 15:11:16.575253512 +0530 IST m=+206.041476917 
Log entry at 2024-12-17 15:11:17.080056732 +0530 IST m=+206.546280143 
Log entry at 2024-12-17 15:11:17.586131548 +0530 IST m=+207.052354957 
Log entry at 2024-12-17 15:11:18.092264886 +0530 IST m=+207.558488293 
Log entry at 2024-12-17 15:11:18.594652003 +0530 IST m=+208.060875410 
Log entry at 2024-12-17 15:11:19.098502731 +0530 IST m=+208.564726138 
Log entry at 2024-12-17 15:11:19.600477146 +0530 IST m=+209.066700554 
Log entry at 2024-12-17 15:11:20.102238076 +0530 IST m=+209.568461483 
Log entry at 2024-12-17 15:11:20.60415722 +0530 IST m=+210.070380626 
Log entry at 2024-12-17 15:11:21.105920234 +0530 IST m=+210.572143642 
Log entry at 2024-12-17 15:11:21.607865578 +0530 IST m=+211.074088984 
Log entry at 2024-12-17 15:11:22.112998096 +0530 IST m=+211.579221503 
Log entry at 2024-12-17 15:11:22.620655269 +0530 IST m=+212.086878674 
Log entry at 2024-12-17 15:11:23.123597291 +0530 IST m=+212.589820697 
Log entry at 2024-12-17 15:11:23.625332612 +0530 IST m=+213.091556017 
Log entry at 2024-12-17 15:11:24.127856841 +0530 IST m=+213.594080246 
Log entry at 2024-12-17 15:11:24.629841508 +0530 IST m=+214.096064916 
Log entry at 2024-12-17 15:11:25.132606312 +0530 IST m=+214.598829720 
Log entry at 2024-12-17 15:11:25.635236078 +0530 IST m=+215.101459484 
Log entry at 2024-12-17 15:11:26.138129608 +0530 IST m=+215.604353018 
Log entry at 2024-12-17 15:11:26.644036162 +0530 IST m=+216.110259569 
Log entry at 2024-12-17 15:11:27.148588255 +0530 IST m=+216.614811662 
Log entry at 2024-12-17 15:11:27.651231166 +0530 IST m=+217.117454582 
Log entry at 2024-12-17 15:11:28.155262589 +0530 IST m=+217.621485996 
Log entry at 2024-12-17 15:11:28.658875988 +0530 IST m=+218.125099405 
Log entry at 2024-12-17 15:11:29.165508043 +0530 IST m=+218.631731449 
Log entry at 2024-12-17 15:11:29.671148086 +0530 IST m=+219.137371502 
Log entry at 2024-12-17 15:11:30.174698789 +0530 IST m=+219.640922195 
Log entry at 2024-12-17 15:11:30.67997972 +0530 IST m=+220.146203131 
Log entry at 2024-12-17 15:11:31.183859406 +0530 IST m=+220.650082841 
Log entry at 2024-12-17 15:11:31.693229659 +0530 IST m=+221.159453070 
Log entry at 2024-12-17 15:11:32.201440932 +0530 IST m=+221.667664341 
Log entry at 2024-12-17 15:11:32.710647889 +0530 IST m=+222.176871297 
Log entry at 2024-12-17 15:11:33.213728232 +0530 IST m=+222.679951641 
Log entry at 2024-12-17 15:11:33.716925746 +0530 IST m=+223.183149151 
Log entry at 2024-12-17 15:11:34.218886372 +0530 IST m=+223.685109781 
Log entry at 2024-12-17 15:11:36.223345311 +0530 IST m=+224.187149246 
Log entry at 2024-12-17 15:11:36.725306797 +0530 IST m=+224.689110734 
Log entry at 2024-12-17 15:11:37.228368999 +0530 IST m=+225.192172936 
Log entry at 2024-12-17 15:11:37.731281101 +0530 IST m=+225.695085038 
Log entry at 2024-12-17 15:11:38.234158822 +0530 IST m=+226.197962756 
Log entry at 2024-12-17 15:11:38.735973593 +0530 IST m=+226.699777527 
Log entry at 2024-12-17 15:11:39.238483557 +0530 IST m=+227.202287491 
Log entry at 2024-12-17 15:11:39.741268036 +0530 IST m=+227.705071973 
Log entry at 2024-12-17 15:11:40.24405649 +0530 IST m=+228.207860430 
Log entry at 2024-12-17 15:11:40.74610898 +0530 IST m=+228.709912916 
Log entry at 2024-12-17 15:11:41.247732991 +0530 IST m=+229.211536926 
Log entry at 2024-12-17 15:11:41.749263566 +0530 IST m=+229.713067501 
Log entry at 2024-12-17 15:11:42.251160437 +0530 IST m=+230.214964371 
Log entry at 2024-12-17 15:11:42.753179421 +0530 IST m=+230.716983356 
Log entry at 2024-12-17 15:11:43.256334235 +0530 IST m=+231.220138172 
Log entry at 2024-12-17 15:11:43.758407249 +0530 IST m=+231.722211184 
Log entry at 2024-12-17 15:11:44.26017102 +0530 IST m=+232.223974957 
Log entry at 2024-12-17 15:11:44.763326929 +0530 IST m=+232.727130866 
Log entry at 2024-12-17 15:11:45.265376791 +0530 IST m=+233.229180728 
Log entry at 2024-12-17 15:11:45.767789585 +0530 IST m=+233.731593521 
Log entry at 2024-12-17 15:11:46.270712796 +0530 IST m=+234.234516731 
Log entry at 2024-12-17 15:11:46.775395029 +0530 IST m=+234.739198966 
Log entry at 2024-12-17 15:11:47.277952984 +0530 IST m=+235.241756918 
Log entry at 2024-12-17 15:11:47.77983117 +0530 IST m=+235.743635106 
Log entry at 2024-12-17 15:11:48.282522064 +0530 IST m=+236.246326000 
Log entry at 2024-12-17 15:11:48.784362928 +0530 IST m=+236.748166861 
Log entry at 2024-12-17 15:11:49.287065914 +0530 IST m=+237.250869849 
Log entry at 2024-12-17 15:11:49.788497859 +0530 IST m=+237.752301792 
Log entry at 2024-12-17 15:11:50.294934527 +0530 IST m=+238.258738462 
Log entry at 2024-12-17 15:11:50.79816564 +0530 IST m=+238.761969585 
Log entry at 2024-12-17 15:11:51.300520848 +0530 IST m=+239.264324784 
Log entry at 2024-12-17 15:11:51.802876539 +0530 IST m=+239.766680475 
Log entry at 2024-12-17 15:11:52.304836986 +0530 IST m=+240.268640924 
Log entry at 2024-12-17 15:11:52.807092815 +0530 IST m=+240.770896752 
Log entry at 2024-12-17 15:11:53.309484601 +0530 IST m=+241.273288537 
Log entry at 2024-12-17 15:11:53.812954354 +0530 IST m=+241.776758290 
Log entry at 2024-12-17 15:11:54.318656506 +0530 IST m=+242.282460442 
Log entry at 2024-12-17 15:11:54.823105471 +0530 IST m=+242.786909407 
Log entry at 2024-12-17 15:11:55.325784354 +0530 IST m=+243.289588288 
Log entry at 2024-12-17 15:11:55.829073954 +0530 IST m=+243.792877889 
Log entry at 2024-12-17 15:11:56.330608125 +0530 IST m=+244.294412059 
Log entry at 2024-12-17 15:11:56.832546132 +0530 IST m=+244.796350068 
Log entry at 2024-12-17 15:11:57.334641591 +0530 IST m=+245.298445527 
Log entry at 2024-12-17 15:11:57.837144438 +0530 IST m=+245.800948376 
Log entry at 2024-12-17 15:11:58.338994289 +0530 IST m=+246.302798226 
Log entry at 2024-12-17 15:11:58.840956221 +0530 IST m=+246.804760158 
Log entry at 2024-12-17 15:11:59.344150028 +0530 IST m=+247.307953963 
Log entry at 2024-12-17 15:11:59.848203947 +0530 IST m=+247.812007883 
Log entry at 2024-12-17 15:12:00.353741275 +0530 IST m=+248.317545211 
Log entry at 2024-12-17 15:12:00.857065408 +0530 IST m=+248.820869344 
Log entry at 2024-12-17 15:12:01.359609738 +0530 IST m=+249.323413674 
Log entry at 2024-12-17 15:12:01.861554851 +0530 IST m=+249.825358788 
Log entry at 2024-12-17 15:12:02.363242743 +0530 IST m=+250.327046678 
Log entry at 2024-12-17 15:12:02.866649639 +0530 IST m=+250.830453574 
Log entry at 2024-12-17 15:12:03.37201236 +0530 IST m=+251.335816296 
Log entry at 2024-12-17 15:12:03.873714154 +0530 IST m=+251.837518090 
Log entry at 2024-12-17 15:12:04.376727874 +0530 IST m=+252.340531809 
Log entry at 2024-12-17 15:12:04.878883034 +0530 IST m=+252.842686970 
Log entry at 2024-12-17 15:12:05.381418099 +0530 IST m=+253.345222034 
Log entry at 2024-12-17 15:12:05.88499182 +0530 IST m=+253.848795754 
Log entry at 2024-12-17 15:12:06.387734275 +0530 IST m=+254.351538212 
Log entry at 2024-12-17 15:12:06.889663422 +0530 IST m=+254.853467358 
Log entry at 2024-12-17 15:12:07.391728826 +0530 IST m=+255.355532761 
Log entry at 2024-12-17 15:12:07.895020841 +0530 IST m=+255.858824778 
Log entry at 2024-12-17 15:12:08.398120622 +0530 IST m=+256.361924560 
Log entry at 2024-12-17 15:12:10.418165944 +0530 IST m=+256.864987326 
Log entry at 2024-12-17 15:12:10.921276746 +0530 IST m=+257.368098128 
Log entry at 2024-12-17 15:12:11.424118857 +0530 IST m=+257.870940237 
Log entry at 2024-12-17 15:12:11.925978404 +0530 IST m=+258.372799787 
Log entry at 2024-12-17 15:12:12.430016841 +0530 IST m=+258.876838222 
Log entry at 2024-12-17 15:12:12.942318501 +0530 IST m=+259.389139881 
Log entry at 2024-12-17 15:12:13.445005529 +0530 IST m=+259.891826915 
Log entry at 2024-12-17 15:12:13.94825543 +0530 IST m=+260.395076809 
Log entry at 2024-12-17 15:12:14.451904361 +0530 IST m=+260.898725740 
Log entry at 2024-12-17 15:12:14.953745191 +0530 IST m=+261.400566569 
Log entry at 2024-12-17 15:12:15.455357525 +0530 IST m=+261.902178904 
Log entry at 2024-12-17 15:12:15.957299836 +0530 IST m=+262.404121224 
Log entry at 2024-12-17 15:12:16.459546288 +0530 IST m=+262.906367683 
Log entry at 2024-12-17 15:12:16.961811419 +0530 IST m=+263.408632798 
Log entry at 2024-12-17 15:12:17.463622394 +0530 IST m=+263.910443773 
Log entry at 2024-12-17 15:12:17.967213373 +0530 IST m=+264.414034754 
Log entry at 2024-12-17 15:12:18.469162954 +0530 IST m=+264.915984335 
Log entry at 2024-12-17 15:12:18.972590387 +0530 IST m=+265.419411768 
Log entry at 2024-12-17 15:12:19.47534176 +0530 IST m=+265.922163139 
Log entry at 2024-12-17 15:12:19.97703436 +0530 IST m=+266.423855741 
Log entry at 2024-12-17 15:12:20.478454068 +0530 IST m=+266.925275448 
Log entry at 2024-12-17 15:12:20.981645117 +0530 IST m=+267.428466743 
Log entry at 2024-12-17 15:12:21.482945591 +0530 IST m=+267.929766972 
Log entry at 2024-12-17 15:12:21.985705447 +0530 IST m=+268.432526827 
Log entry at 2024-12-17 15:12:22.488233297 +0530 IST m=+268.935054676 
Log entry at 2024-12-17 15:12:22.991074189 +0530 IST m=+269.437895569 
Log entry at 2024-12-17 15:12:23.493895221 +0530 IST m=+269.940716600 
Log entry at 2024-12-17 15:12:23.995877698 +0530 IST m=+270.442699079 
Log entry at 2024-12-17 15:12:24.498860815 +0530 IST m=+270.945682196 
Log entry at 2024-12-17 15:12:25.001876195 +0530 IST m=+271.448697586 
Log entry at 2024-12-17 15:12:25.504480464 +0530 IST m=+271.951301844 
Log entry at 2024-12-17 15:12:26.007869116 +0530 IST m=+272.454690508 
Log entry at 2024-12-17 15:12:26.511265785 +0530 IST m=+272.958087166 
Log entry at 2024-12-17 15:12:27.014392978 +0530 IST m=+273.461214358 
Log entry at 2024-12-17 15:12:27.517030415 +0530 IST m=+273.963851794 
Log entry at 2024-12-17 15:12:28.018683966 +0530 IST m=+274.465505346 
Log entry at 2024-12-17 15:12:28.521594246 +0530 IST m=+274.968415625 
Log entry at 2024-12-17 15:12:29.024342071 +0530 IST m=+275.471163452 
Log entry at 2024-12-17 15:12:29.526125774 +0530 IST m=+275.972947152 
Log entry at 2024-12-17 15:12:30.027869184 +0530 IST m=+276.474690564 
Log entry at 2024-12-17 15:12:30.529320673 +0530 IST m=+276.976142052 
Log entry at 2024-12-17 15:12:31.031990722 +0530 IST m=+277.478812102 
Log entry at 2024-12-17 15:12:31.534125736 +0530 IST m=+277.980947118 
Log entry at 2024-12-17 15:12:32.036463118 +0530 IST m=+278.483284499 
Log entry at 2024-12-17 15:12:32.538701919 +0530 IST m=+278.985523301 
Log entry at 2024-12-17 15:12:33.041907311 +0530 IST m=+279.488728692 
Log entry at 2024-12-17 15:12:33.543752552 +0530 IST m=+279.990573933 
Log entry at 2024-12-17 15:12:34.045686646 +0530 IST m=+280.492508027 
Log entry at 2024-12-17 15:12:34.547628542 +0530 IST m=+280.994449923 
Log entry at 2024-12-17 15:12:35.051131435 +0530 IST m=+281.497952816 
Log entry at 2024-12-17 15:12:35.554326282 +0530 IST m=+282.001147662 
Log entry at 2024-12-17 15:12:36.057507802 +0530 IST m=+282.504329182 
Log entry at 2024-12-17 15:12:36.559271534 +0530 IST m=+283.006092914 
Log entry at 2024-12-17 15:12:37.061052125 +0530 IST m=+283.507873506 
Log entry at 2024-12-17 15:12:37.563615197 +0530 IST m=+284.010436578 
Log entry at 2024-12-17 15:12:38.066780987 +0530 IST m=+284.513602366 
Log entry at 2024-12-17 15:12:38.571395453 +0530 IST m=+285.018216832 
Log entry at 2024-12-17 15:12:39.076756618 +0530 IST m=+285.523578000 
Log entry at 2024-12-17 15:12:39.590003746 +0530 IST m=+286.036825129 
Log entry at 2024-12-17 15:12:40.092341728 +0530 IST m=+286.539163108 
Log entry at 2024-12-17 15:12:40.595328057 +0530 IST m=+287.042149439 
Log entry at 2024-12-17 15:12:41.098409948 +0530 IST m=+287.545231330 
Log entry at 2024-12-17 15:12:41.602184118 +0530 IST m=+288.049005506 
Log entry at 2024-12-17 15:12:42.112879356 +0530 IST m=+288.559700737 
Log entry at 2024-12-17 15:12:44.094010334 +0530 IST m=+289.061818283 
Log entry at 2024-12-17 15:12:44.596463072 +0530 IST m=+289.564271015 
Log entry at 2024-12-17 15:12:45.100049888 +0530 IST m=+290.067857828 
Log entry at 2024-12-17 15:12:45.602889115 +0530 IST m=+290.570697056 
Log entry at 2024-12-17 15:12:46.10585472 +0530 IST m=+291.073662659 
Log entry at 2024-12-17 15:12:46.609585389 +0530 IST m=+291.577393328 
Log entry at 2024-12-17 15:12:47.111338881 +0530 IST m=+292.079146818 
Log entry at 2024-12-17 15:12:47.614499507 +0530 IST m=+292.582307446 
Log entry at 2024-12-17 15:12:48.116614694 +0530 IST m=+293.084422631 
Log entry at 2024-12-17 15:12:48.619420551 +0530 IST m=+293.587228489 
Log entry at 2024-12-17 15:12:49.122259178 +0530 IST m=+294.090067116 
Log entry at 2024-12-17 15:12:49.626643142 +0530 IST m=+294.594451081 
Log entry at 2024-12-17 15:12:50.128587148 +0530 IST m=+295.096395088 
Log entry at 2024-12-17 15:12:50.630871262 +0530 IST m=+295.598679200 
Log entry at 2024-12-17 15:12:51.134103248 +0530 IST m=+296.101911189 
Log entry at 2024-12-17 15:12:51.635918887 +0530 IST m=+296.603726828 
Log entry at 2024-12-17 15:12:52.138136078 +0530 IST m=+297.105944018 
Log entry at 2024-12-17 15:12:52.641233133 +0530 IST m=+297.609041072 
Log entry at 2024-12-17 15:12:53.143382901 +0530 IST m=+298.111190839 
Log entry at 2024-12-17 15:12:53.644896988 +0530 IST m=+298.612704925 
Log entry at 2024-12-17 15:12:54.146418619 +0530 IST m=+299.114226559 
Log entry at 2024-12-17 15:12:54.649388829 +0530 IST m=+299.617196768 
Log entry at 2024-12-17 15:12:55.157401865 +0530 IST m=+300.125209802 
Log entry at 2024-12-17 15:12:55.660284825 +0530 IST m=+300.628092761 
Log entry at 2024-12-17 15:12:56.163050047 +0530 IST m=+301.130857986 
Log entry at 2024-12-17 15:12:56.665569083 +0530 IST m=+301.633377022 
Log entry at 2024-12-17 15:12:57.168219255 +0530 IST m=+302.136027194 
Log entry at 2024-12-17 15:12:57.672541522 +0530 IST m=+302.640349461 
Log entry at 2024-12-17 15:12:58.175337244 +0530 IST m=+303.143145184 
Log entry at 2024-12-17 15:12:58.684083134 +0530 IST m=+303.651891084 
Log entry at 2024-12-17 15:12:59.189312668 +0530 IST m=+304.157120606 
Log entry at 2024-12-17 15:12:59.692510836 +0530 IST m=+304.660318775 
Log entry at 2024-12-17 15:13:00.196119736 +0530 IST m=+305.163927674 
Log entry at 2024-12-17 15:13:00.697991263 +0530 IST m=+305.665799201 
Log entry at 2024-12-17 15:13:01.199805433 +0530 IST m=+306.167613371 
Log entry at 2024-12-17 15:13:01.702921113 +0530 IST m=+306.670729050 
Log entry at 2024-12-17 15:13:02.207326431 +0530 IST m=+307.175134368 
Log entry at 2024-12-17 15:13:02.710207744 +0530 IST m=+307.678015682 
Log entry at 2024-12-17 15:13:03.213614563 +0530 IST m=+308.181422501 
Log entry at 2024-12-17 15:13:03.717984329 +0530 IST m=+308.685792267 
Log entry at 2024-12-17 15:13:04.220195758 +0530 IST m=+309.188003696 
Log entry at 2024-12-17 15:13:04.722223271 +0530 IST m=+309.690031213 
Log entry at 2024-12-17 15:13:05.22708181 +0530 IST m=+310.194889754 
Log entry at 2024-12-17 15:13:05.733908421 +0530 IST m=+310.701716359 
Log entry at 2024-12-17 15:13:06.235753415 +0530 IST m=+311.203561354 
Log entry at 2024-12-17 15:13:06.73904975 +0530 IST m=+311.706857690 
Log entry at 2024-12-17 15:13:07.242193538 +0530 IST m=+312.210001478 
Log entry at 2024-12-17 15:13:07.745374672 +0530 IST m=+312.713182612 
Log entry at 2024-12-17 15:13:08.250481926 +0530 IST m=+313.218289865 
Log entry at 2024-12-17 15:13:08.755013354 +0530 IST m=+313.722821300 
Log entry at 2024-12-17 15:13:09.259449927 +0530 IST m=+314.227257865 
Log entry at 2024-12-17 15:13:09.762019744 +0530 IST m=+314.729827689 
Log entry at 2024-12-17 15:13:10.264889078 +0530 IST m=+315.232697017 
Log entry at 2024-12-17 15:13:10.76849137 +0530 IST m=+315.736299311 
Log entry at 2024-12-17 15:13:11.271945809 +0530 IST m=+316.239753748 
Log entry at 2024-12-17 15:13:11.775938249 +0530 IST m=+316.743746188 
Log entry at 2024-12-17 15:13:12.278804771 +0530 IST m=+317.246612712 
Log entry at 2024-12-17 15:13:12.783563771 +0530 IST m=+317.751371713 
Log entry at 2024-12-17 15:13:13.288373154 +0530 IST m=+318.256181097 
Log entry at 2024-12-17 15:13:13.799167785 +0530 IST m=+318.766975725 
Log entry at 2024-12-17 15:13:14.302586684 +0530 IST m=+319.270394624 
Log entry at 2024-12-17 15:13:14.805131629 +0530 IST m=+319.772939572 
Log entry at 2024-12-17 15:13:15.309642868 +0530 IST m=+320.277450816 
Log entry at 2024-12-17 15:13:15.813470973 +0530 IST m=+320.781278914 
Log entry at 2024-12-17 15:13:17.791913494 +0530 IST m=+321.284246127 
Log entry at 2024-12-17 15:13:18.294504469 +0530 IST m=+321.786837098 
Log entry at 2024-12-17 15:13:18.797372929 +0530 IST m=+322.289705860 
Log entry at 2024-12-17 15:13:19.300403772 +0530 IST m=+322.792736399 
Log entry at 2024-12-17 15:13:19.803539865 +0530 IST m=+323.295872494 
Log entry at 2024-12-17 15:13:20.307313082 +0530 IST m=+323.799645712 
Log entry at 2024-12-17 15:13:20.812331852 +0530 IST m=+324.304664479 
Log entry at 2024-12-17 15:13:21.314075053 +0530 IST m=+324.806407682 
Log entry at 2024-12-17 15:13:21.816543528 +0530 IST m=+325.308876154 
Log entry at 2024-12-17 15:13:22.318274593 +0530 IST m=+325.810607221 
Log entry at 2024-12-17 15:13:22.820783783 +0530 IST m=+326.313116412 
Log entry at 2024-12-17 15:13:23.326412819 +0530 IST m=+326.818745453 
Log entry at 2024-12-17 15:13:23.83110856 +0530 IST m=+327.323441195 
Log entry at 2024-12-17 15:13:24.33674611 +0530 IST m=+327.829078753 
Log entry at 2024-12-17 15:13:24.840317226 +0530 IST m=+328.332649858 
Log entry at 2024-12-17 15:13:25.343735927 +0530 IST m=+328.836068562 
Log entry at 2024-12-17 15:13:25.846635934 +0530 IST m=+329.338968561 
Log entry at 2024-12-17 15:13:26.349565596 +0530 IST m=+329.841898229 
Log entry at 2024-12-17 15:13:26.852718553 +0530 IST m=+330.345051182 
Log entry at 2024-12-17 15:13:27.355095778 +0530 IST m=+330.847428406 
Log entry at 2024-12-17 15:13:27.859080926 +0530 IST m=+331.351413556 
Log entry at 2024-12-17 15:13:28.377256746 +0530 IST m=+331.869589382 
Log entry at 2024-12-17 15:13:28.880446894 +0530 IST m=+332.372779522 
Log entry at 2024-12-17 15:13:29.383411898 +0530 IST m=+332.875744527 
Log entry at 2024-12-17 15:13:29.885277556 +0530 IST m=+333.377610186 
Log entry at 2024-12-17 15:13:30.38742865 +0530 IST m=+333.879761286 
Log entry at 2024-12-17 15:13:30.890787309 +0530 IST m=+334.383119940 
Log entry at 2024-12-17 15:13:31.392748955 +0530 IST m=+334.885081586 
Log entry at 2024-12-17 15:13:31.902119271 +0530 IST m=+335.394451901 
Log entry at 2024-12-17 15:13:32.408667196 +0530 IST m=+335.900999830 
Log entry at 2024-12-17 15:13:32.911907599 +0530 IST m=+336.404240235 
Log entry at 2024-12-17 15:13:33.414573628 +0530 IST m=+336.906906258 
Log entry at 2024-12-17 15:13:33.916402128 +0530 IST m=+337.408734767 
Log entry at 2024-12-17 15:13:34.4301766 +0530 IST m=+337.922509229 
Log entry at 2024-12-17 15:13:34.932334209 +0530 IST m=+338.424666839 
Log entry at 2024-12-17 15:13:35.435605148 +0530 IST m=+338.927937778 
Log entry at 2024-12-17 15:13:35.937706695 +0530 IST m=+339.430039325 
Log entry at 2024-12-17 15:13:36.441221711 +0530 IST m=+339.933554343 
Log entry at 2024-12-17 15:13:36.944600921 +0530 IST m=+340.436933551 
Log entry at 2024-12-17 15:13:37.451414955 +0530 IST m=+340.943747588 
Log entry at 2024-12-17 15:13:37.957234481 +0530 IST m=+341.449567112 
Log entry at 2024-12-17 15:13:38.477928084 +0530 IST m=+341.970260718 
Log entry at 2024-12-17 15:13:38.981715741 +0530 IST m=+342.474048375 
Log entry at 2024-12-17 15:13:39.508976014 +0530 IST m=+343.001308646 
Log entry at 2024-12-17 15:13:40.023532382 +0530 IST m=+343.515865016 
Log entry at 2024-12-17 15:13:40.526899938 +0530 IST m=+344.019232574 
Log entry at 2024-12-17 15:13:41.032837986 +0530 IST m=+344.525170617 
Log entry at 2024-12-17 15:13:41.536302178 +0530 IST m=+345.028634810 
Log entry at 2024-12-17 15:13:42.038662096 +0530 IST m=+345.530994727 
Log entry at 2024-12-17 15:13:42.542889853 +0530 IST m=+346.035222491 
Log entry at 2024-12-17 15:13:43.045921907 +0530 IST m=+346.538254541 
Log entry at 2024-12-17 15:13:43.549474914 +0530 IST m=+347.041807544 
Log entry at 2024-12-17 15:13:44.05235059 +0530 IST m=+347.544683223 
Log entry at 2024-12-17 15:13:44.558412123 +0530 IST m=+348.050744755 
Log entry at 2024-12-17 15:13:45.064602024 +0530 IST m=+348.556934652 
Log entry at 2024-12-17 15:13:45.567325443 +0530 IST m=+349.059658073 
Log entry at 2024-12-17 15:13:46.071096828 +0530 IST m=+349.563429457 
Log entry at 2024-12-17 15:13:46.575394284 +0530 IST m=+350.067726914 
Log entry at 2024-12-17 15:13:47.103789025 +0530 IST m=+350.596121656 
Log entry at 2024-12-17 15:13:47.606865785 +0530 IST m=+351.099198422 
Log entry at 2024-12-17 15:13:48.118120074 +0530 IST m=+351.610452713 
Log entry at 2024-12-17 15:13:48.625385856 +0530 IST m=+352.117718492 
Log entry at 2024-12-17 15:13:49.134923051 +0530 IST m=+352.627255692 
Log entry at 2024-12-17 15:13:49.64340146 +0530 IST m=+353.135734098 
Log entry at 2024-12-17 15:13:51.607073748 +0530 IST m=+353.640347147 
Log entry at 2024-12-17 15:13:52.114325922 +0530 IST m=+354.147599318 
Log entry at 2024-12-17 15:13:52.625581657 +0530 IST m=+354.658855056 
Log entry at 2024-12-17 15:13:53.134285095 +0530 IST m=+355.167558488 
Log entry at 2024-12-17 15:13:53.644866035 +0530 IST m=+355.678139430 
Log entry at 2024-12-17 15:13:54.147165391 +0530 IST m=+356.180438788 
Log entry at 2024-12-17 15:13:54.652424652 +0530 IST m=+356.685698045 
Log entry at 2024-12-17 15:13:55.157937041 +0530 IST m=+357.191210434 
Log entry at 2024-12-17 15:13:55.66159535 +0530 IST m=+357.694868750 
Log entry at 2024-12-17 15:13:56.172723083 +0530 IST m=+358.205996476 
Log entry at 2024-12-17 15:13:56.681999276 +0530 IST m=+358.715272672 
Log entry at 2024-12-17 15:13:57.184526288 +0530 IST m=+359.217799684 
Log entry at 2024-12-17 15:13:57.687505621 +0530 IST m=+359.720779018 
Log entry at 2024-12-17 15:13:58.19068459 +0530 IST m=+360.223957985 
Log entry at 2024-12-17 15:13:58.710114872 +0530 IST m=+360.743388273 
Log entry at 2024-12-17 15:13:59.218532543 +0530 IST m=+361.251805938 
Log entry at 2024-12-17 15:13:59.721209517 +0530 IST m=+361.754482911 
Log entry at 2024-12-17 15:14:00.224124747 +0530 IST m=+362.257398141 
Log entry at 2024-12-17 15:14:00.725772902 +0530 IST m=+362.759046296 
Log entry at 2024-12-17 15:14:01.234382898 +0530 IST m=+363.267656303 
Log entry at 2024-12-17 15:14:01.737950519 +0530 IST m=+363.771223917 
Log entry at 2024-12-17 15:14:02.242356416 +0530 IST m=+364.275629807 
Log entry at 2024-12-17 15:14:02.745084106 +0530 IST m=+364.778357498 
Log entry at 2024-12-17 15:14:03.248018179 +0530 IST m=+365.281291573 
Log entry at 2024-12-17 15:14:03.755318787 +0530 IST m=+365.788592181 
Log entry at 2024-12-17 15:14:04.272814838 +0530 IST m=+366.306088233 
Log entry at 2024-12-17 15:14:04.775177467 +0530 IST m=+366.808450862 
Log entry at 2024-12-17 15:14:05.278406144 +0530 IST m=+367.311679534 
Log entry at 2024-12-17 15:14:05.781791225 +0530 IST m=+367.815064616 
Log entry at 2024-12-17 15:14:06.284985991 +0530 IST m=+368.318259383 
Log entry at 2024-12-17 15:14:06.786950952 +0530 IST m=+368.820224343 
Log entry at 2024-12-17 15:14:07.288813206 +0530 IST m=+369.322086598 
Log entry at 2024-12-17 15:14:07.790844609 +0530 IST m=+369.824118000 
Log entry at 2024-12-17 15:14:08.292961416 +0530 IST m=+370.326234806 
Log entry at 2024-12-17 15:14:08.794525636 +0530 IST m=+370.827799024 
Log entry at 2024-12-17 15:14:09.296167632 +0530 IST m=+371.329441021 
Log entry at 2024-12-17 15:14:09.798003121 +0530 IST m=+371.831276511 
Log entry at 2024-12-17 15:14:10.299920131 +0530 IST m=+372.333193520 
Log entry at 2024-12-17 15:14:10.803251322 +0530 IST m=+372.836524710 
Log entry at 2024-12-17 15:14:11.314804131 +0530 IST m=+373.348077519 
Log entry at 2024-12-17 15:14:11.816370698 +0530 IST m=+373.849644090 
Log entry at 2024-12-17 15:14:12.321650538 +0530 IST m=+374.354923929 
Log entry at 2024-12-17 15:14:12.824491987 +0530 IST m=+374.857765378 
Log entry at 2024-12-17 15:14:13.326594055 +0530 IST m=+375.359867446 
Log entry at 2024-12-17 15:14:13.828658531 +0530 IST m=+375.861931921 
Log entry at 2024-12-17 15:14:14.330309477 +0530 IST m=+376.363582872 
Log entry at 2024-12-17 15:14:14.838351049 +0530 IST m=+376.871624439 
Log entry at 2024-12-17 15:14:15.341142319 +0530 IST m=+377.374415710 
Log entry at 2024-12-17 15:14:15.843832488 +0530 IST m=+377.877105878 
Log entry at 2024-12-17 15:14:16.347013539 +0530 IST m=+378.380286931 
Log entry at 2024-12-17 15:14:16.853919126 +0530 IST m=+378.887192515 
Log entry at 2024-12-17 15:14:17.355544981 +0530 IST m=+379.388818372 
Log entry at 2024-12-17 15:14:17.857248532 +0530 IST m=+379.890521927 
Log entry at 2024-12-17 15:14:18.359648197 +0530 IST m=+380.392921587 
Log entry at 2024-12-17 15:14:18.865981256 +0530 IST m=+380.899254644 
Log entry at 2024-12-17 15:14:19.367721948 +0530 IST m=+381.400995338 
Log entry at 2024-12-17 15:14:19.869993374 +0530 IST m=+381.903266763 
Log entry at 2024-12-17 15:14:20.371905404 +0530 IST m=+382.405178794 
Log entry at 2024-12-17 15:14:20.874369129 +0530 IST m=+382.907642519 
Log entry at 2024-12-17 15:14:21.377987098 +0530 IST m=+383.411260486 
Log entry at 2024-12-17 15:14:21.880131833 +0530 IST m=+383.913405226 
Log entry at 2024-12-17 15:14:22.385048253 +0530 IST m=+384.418321643 
Log entry at 2024-12-17 15:14:22.887243498 +0530 IST m=+384.920516888 
Log entry at 2024-12-17 15:14:23.389502424 +0530 IST m=+385.422775814 
Log entry at 2024-12-17 15:14:25.360377243 +0530 IST m=+385.925323109 
Log entry at 2024-12-17 15:14:25.862830178 +0530 IST m=+386.427776059 
Log entry at 2024-12-17 15:14:26.364971064 +0530 IST m=+386.929916936 
Log entry at 2024-12-17 15:14:26.867840309 +0530 IST m=+387.432786175 
Log entry at 2024-12-17 15:14:27.373551995 +0530 IST m=+387.938497865 
Log entry at 2024-12-17 15:14:27.875766344 +0530 IST m=+388.440712215 
Log entry at 2024-12-17 15:14:28.379073332 +0530 IST m=+388.944019210 
Log entry at 2024-12-17 15:14:28.890992412 +0530 IST m=+389.455938284 
Log entry at 2024-12-17 15:14:29.394931202 +0530 IST m=+389.959877081 
Log entry at 2024-12-17 15:14:29.899311601 +0530 IST m=+390.464257473 
Log entry at 2024-12-17 15:14:30.403538466 +0530 IST m=+390.968484340 
Log entry at 2024-12-17 15:14:30.907440112 +0530 IST m=+391.472385985 
Log entry at 2024-12-17 15:14:31.410858605 +0530 IST m=+391.975804474 
Log entry at 2024-12-17 15:14:31.913292548 +0530 IST m=+392.478238418 
Log entry at 2024-12-17 15:14:32.415298545 +0530 IST m=+392.980244419 
Log entry at 2024-12-17 15:14:32.917682299 +0530 IST m=+393.482628169 
Log entry at 2024-12-17 15:14:33.421892639 +0530 IST m=+393.986838509 
Log entry at 2024-12-17 15:14:33.925738606 +0530 IST m=+394.490684474 
Log entry at 2024-12-17 15:14:34.427258982 +0530 IST m=+394.992204849 
Log entry at 2024-12-17 15:14:34.929536344 +0530 IST m=+395.494482226 
Log entry at 2024-12-17 15:14:35.432839288 +0530 IST m=+395.997785160 
Log entry at 2024-12-17 15:14:35.935312116 +0530 IST m=+396.500257985 
Log entry at 2024-12-17 15:14:36.437768474 +0530 IST m=+397.002714342 
Log entry at 2024-12-17 15:14:36.939809519 +0530 IST m=+397.504755387 
Log entry at 2024-12-17 15:14:37.441599455 +0530 IST m=+398.006545332 
Log entry at 2024-12-17 15:14:37.943871993 +0530 IST m=+398.508817861 
Log entry at 2024-12-17 15:14:38.446072383 +0530 IST m=+399.011018255 
Log entry at 2024-12-17 15:14:38.948450995 +0530 IST m=+399.513396882 
Log entry at 2024-12-17 15:14:39.450754893 +0530 IST m=+400.015700765 
Log entry at 2024-12-17 15:14:39.953832613 +0530 IST m=+400.518778485 
Log entry at 2024-12-17 15:14:40.463250708 +0530 IST m=+401.028196580 
Log entry at 2024-12-17 15:14:40.970051245 +0530 IST m=+401.534997115 
Log entry at 2024-12-17 15:14:41.473442812 +0530 IST m=+402.038388683 
Log entry at 2024-12-17 15:14:41.976408346 +0530 IST m=+402.541354216 
Log entry at 2024-12-17 15:14:42.479767515 +0530 IST m=+403.044713383 
Log entry at 2024-12-17 15:14:42.982278891 +0530 IST m=+403.547224758 
Log entry at 2024-12-17 15:14:43.490248168 +0530 IST m=+404.055194037 
Log entry at 2024-12-17 15:14:44.002750024 +0530 IST m=+404.567695900 
Log entry at 2024-12-17 15:14:44.504427861 +0530 IST m=+405.069373728 
Log entry at 2024-12-17 15:14:45.006810465 +0530 IST m=+405.571756332 
Log entry at 2024-12-17 15:14:45.50888494 +0530 IST m=+406.073830807 
Log entry at 2024-12-17 15:14:46.011248252 +0530 IST m=+406.576194119 
Log entry at 2024-12-17 15:14:46.513809305 +0530 IST m=+407.078755174 
Log entry at 2024-12-17 15:14:47.016081077 +0530 IST m=+407.581026946 
Log entry at 2024-12-17 15:14:47.518143848 +0530 IST m=+408.083089717 
Log entry at 2024-12-17 15:14:48.020238251 +0530 IST m=+408.585184119 
Log entry at 2024-12-17 15:14:48.522541238 +0530 IST m=+409.087487107 
Log entry at 2024-12-17 15:14:49.02592094 +0530 IST m=+409.590866808 
Log entry at 2024-12-17 15:14:49.551600754 +0530 IST m=+410.116546621 
Log entry at 2024-12-17 15:14:50.053179681 +0530 IST m=+410.618125547 
Log entry at 2024-12-17 15:14:50.55583986 +0530 IST m=+411.120785727 
Log entry at 2024-12-17 15:14:51.057487672 +0530 IST m=+411.622433538 
Log entry at 2024-12-17 15:14:51.559143198 +0530 IST m=+412.124089067 
Log entry at 2024-12-17 15:14:52.061281937 +0530 IST m=+412.626227804 
Log entry at 2024-12-17 15:14:52.565180587 +0530 IST m=+413.130126454 
Log entry at 2024-12-17 15:14:53.06702001 +0530 IST m=+413.631965877 
Log entry at 2024-12-17 15:14:53.569480452 +0530 IST m=+414.134426319 
Log entry at 2024-12-17 15:14:54.082024856 +0530 IST m=+414.646970723 
Log entry at 2024-12-17 15:14:54.584437616 +0530 IST m=+415.149383483 
Log entry at 2024-12-17 15:14:55.08652392 +0530 IST m=+415.651469799 
Log entry at 2024-12-17 15:14:55.588688269 +0530 IST m=+416.153634139 
Log entry at 2024-12-17 15:14:56.096478181 +0530 IST m=+416.661424051 
Log entry at 2024-12-17 15:14:56.600617823 +0530 IST m=+417.165563692 
Log entry at 2024-12-17 15:14:57.105076056 +0530 IST m=+417.670021924 
Log entry at 2024-12-17 15:14:57.610151165 +0530 IST m=+418.175097032 
Log entry at 2024-12-17 15:14:58.114428172 +0530 IST m=+418.679374039 
Log entry at 2024-12-17 15:14:58.616995097 +0530 IST m=+419.181940964 
Log entry at 2024-12-17 15:14:59.119622926 +0530 IST m=+419.684568793 
